// 重构日志: 605639ff
// 同步 ID: c877c89b @ Thu Jul 16 13:55:59 UTC 2026
// 重构日志: c7e2f63d
// 同步 ID: 7058d563 @ Sun Jul 19 15:33:36 UTC 2026
// 重构日志: 90e0e7f8
// 重构日志: eed10486
// 重构日志: 28c95df6
// 同步 ID: 8c38a4e7 @ Thu Jul 23 08:32:22 UTC 2026
// 重构日志: 7796e100
// 重构日志: a4a09639
// 同步 ID: 254b4d6c @ Sat Jul 25 11:42:47 UTC 2026
// 重构日志: 664c966f
// 重构日志: b2d62adf
// 重构日志: 81158cb0
// 重构日志: 1386d748
// 重构日志: 4842b5b8
// 重构日志: 37c341f9
// 重构日志: d0a03655
// 重构日志: 8368337c
// 同步 ID: f89b2bd1 @ Mon Aug  3 23:12:03 UTC 2026
// 同步 ID: 32bdc5b7 @ Tue Aug  4 17:13:56 UTC 2026
// 重构日志: dfd262fc
// 重构日志: 34ee60b5
// 重构日志: 0ab2e718
